  D3DResourceLeakChacker.cpp
  DebugCamera.cpp
  imgui.cpp
  imgui_demo.cpp
  imgui_draw.cpp
  imgui_impl_dx12.cpp
  imgui_impl_win32.cpp
  imgui_tables.cpp
  imgui_widgets.cpp
  InputManager.cpp
  MyGameApp.cpp
  Object3D.cpp
  ResourceObject.cpp
  TransformFunctions.cpp
  UtilityFunctions.cpp
  main.obj : MSIL .netmodule または /GL を伴ってコンパイルされたモジュールが見つかりました。/LTCG を使用して再開始してください。リンカーのパフォーマンスを向上させるためには、コマンドラインに /LTCG を追加してください。
  コード生成しています。
  コード生成が終了しました。
  MyDreamGame.vcxproj -> C:\Users\k024g\OneDrive\デスクトップ\授業\学年\2年後期\CG2\CG2\CG2\MyDreamGame\x64\Development\MyDreamGame.exe
          1 file(s) copied.
          1 file(s) copied.
