c:\users\k024g\onedrive\デスクトップ\授業\学年\2年後期\自作エンジン\cg2\cg2\mydreamgame\mydreamgame\x64\debug\imgui_impl_dx12.obj
c:\users\k024g\onedrive\デスクトップ\授業\学年\2年後期\自作エンジン\cg2\cg2\mydreamgame\mydreamgame\x64\debug\imgui.obj
c:\users\k024g\onedrive\デスクトップ\授業\学年\2年後期\自作エンジン\cg2\cg2\mydreamgame\mydreamgame\x64\debug\inputmanager.obj
c:\users\k024g\onedrive\デスクトップ\授業\学年\2年後期\自作エンジン\cg2\cg2\mydreamgame\mydreamgame\x64\debug\imgui_draw.obj
c:\users\k024g\onedrive\デスクトップ\授業\学年\2年後期\自作エンジン\cg2\cg2\mydreamgame\mydreamgame\x64\debug\utilityfunctions.obj
c:\users\k024g\onedrive\デスクトップ\授業\学年\2年後期\自作エンジン\cg2\cg2\mydreamgame\mydreamgame\x64\debug\transformfunctions.obj
c:\users\k024g\onedrive\デスクトップ\授業\学年\2年後期\自作エンジン\cg2\cg2\mydreamgame\mydreamgame\x64\debug\imgui_demo.obj
c:\users\k024g\onedrive\デスクトップ\授業\学年\2年後期\自作エンジン\cg2\cg2\mydreamgame\mydreamgame\x64\debug\imgui_tables.obj
c:\users\k024g\onedrive\デスクトップ\授業\学年\2年後期\自作エンジン\cg2\cg2\mydreamgame\mydreamgame\x64\debug\imgui_impl_win32.obj
c:\users\k024g\onedrive\デスクトップ\授業\学年\2年後期\自作エンジン\cg2\cg2\mydreamgame\mydreamgame\x64\debug\imgui_widgets.obj
c:\users\k024g\onedrive\デスクトップ\授業\学年\2年後期\自作エンジン\cg2\cg2\mydreamgame\mydreamgame\x64\debug\object3d.obj
c:\users\k024g\onedrive\デスクトップ\授業\学年\2年後期\自作エンジン\cg2\cg2\mydreamgame\mydreamgame\x64\debug\mygameapp.obj
c:\users\k024g\onedrive\デスクトップ\授業\学年\2年後期\自作エンジン\cg2\cg2\mydreamgame\mydreamgame\x64\debug\main.obj
c:\users\k024g\onedrive\デスクトップ\授業\学年\2年後期\自作エンジン\cg2\cg2\mydreamgame\mydreamgame\x64\debug\resourceobject.obj
c:\users\k024g\onedrive\デスクトップ\授業\学年\2年後期\自作エンジン\cg2\cg2\mydreamgame\mydreamgame\x64\debug\debugcamera.obj
c:\users\k024g\onedrive\デスクトップ\授業\学年\2年後期\自作エンジン\cg2\cg2\mydreamgame\mydreamgame\x64\debug\d3dresourceleakchacker.obj
c:\users\k024g\onedrive\デスクトップ\授業\学年\2年後期\自作エンジン\cg2\cg2\mydreamgame\mydreamgame\x64\debug\keyboardinput.obj
c:\users\k024g\onedrive\デスクトップ\授業\学年\2年後期\自作エンジン\cg2\cg2\mydreamgame\mydreamgame\x64\debug\gamepadinput.obj
c:\users\k024g\onedrive\デスクトップ\授業\学年\2年後期\自作エンジン\cg2\cg2\mydreamgame\x64\debug\mydreamgame.exe
c:\users\k024g\onedrive\デスクトップ\授業\学年\2年後期\自作エンジン\cg2\cg2\mydreamgame\x64\debug\mydreamgame.pdb
c:\users\k024g\onedrive\デスクトップ\授業\学年\2年後期\自作エンジン\cg2\cg2\mydreamgame\mydreamgame\x64\debug\mydreamgame.ilk
c:\users\k024g\onedrive\デスクトップ\授業\学年\2年後期\自作エンジン\cg2\cg2\mydreamgame\mydreamgame\x64\debug\game.obj
c:\users\k024g\onedrive\デスクトップ\授業\学年\2年後期\自作エンジン\cg2\cg2\mydreamgame\mydreamgame\x64\debug\graphicsdevice.obj
c:\users\k024g\onedrive\デスクトップ\授業\学年\2年後期\自作エンジン\cg2\cg2\mydreamgame\mydreamgame\x64\debug\imguimanager.obj
c:\users\k024g\onedrive\デスクトップ\授業\学年\2年後期\自作エンジン\cg2\cg2\mydreamgame\mydreamgame\x64\debug\model.obj
c:\users\k024g\onedrive\デスクトップ\授業\学年\2年後期\自作エンジン\cg2\cg2\mydreamgame\mydreamgame\x64\debug\pipelinemanager.obj
c:\users\k024g\onedrive\デスクトップ\授業\学年\2年後期\自作エンジン\cg2\cg2\mydreamgame\mydreamgame\x64\debug\rendertargetmanager.obj
c:\users\k024g\onedrive\デスクトップ\授業\学年\2年後期\自作エンジン\cg2\cg2\mydreamgame\mydreamgame\x64\debug\windowmanager.obj
c:\users\k024g\onedrive\デスクトップ\授業\学年\2年後期\自作エンジン\cg2\cg2\mydreamgame\mydreamgame\x64\debug\vc143.idb
c:\users\k024g\onedrive\デスクトップ\授業\学年\2年後期\自作エンジン\cg2\cg2\mydreamgame\mydreamgame\x64\debug\vc143.pdb
c:\users\k024g\onedrive\デスクトップ\授業\学年\2年後期\自作エンジン\cg2\cg2\mydreamgame\mydreamgame\x64\debug\mydreamgame.tlog\cl.command.1.tlog
c:\users\k024g\onedrive\デスクトップ\授業\学年\2年後期\自作エンジン\cg2\cg2\mydreamgame\mydreamgame\x64\debug\mydreamgame.tlog\cl.items.tlog
c:\users\k024g\onedrive\デスクトップ\授業\学年\2年後期\自作エンジン\cg2\cg2\mydreamgame\mydreamgame\x64\debug\mydreamgame.tlog\cl.read.1.tlog
c:\users\k024g\onedrive\デスクトップ\授業\学年\2年後期\自作エンジン\cg2\cg2\mydreamgame\mydreamgame\x64\debug\mydreamgame.tlog\cl.write.1.tlog
c:\users\k024g\onedrive\デスクトップ\授業\学年\2年後期\自作エンジン\cg2\cg2\mydreamgame\mydreamgame\x64\debug\mydreamgame.tlog\link.command.1.tlog
c:\users\k024g\onedrive\デスクトップ\授業\学年\2年後期\自作エンジン\cg2\cg2\mydreamgame\mydreamgame\x64\debug\mydreamgame.tlog\link.read.1.tlog
c:\users\k024g\onedrive\デスクトップ\授業\学年\2年後期\自作エンジン\cg2\cg2\mydreamgame\mydreamgame\x64\debug\mydreamgame.tlog\link.secondary.1.tlog
c:\users\k024g\onedrive\デスクトップ\授業\学年\2年後期\自作エンジン\cg2\cg2\mydreamgame\mydreamgame\x64\debug\mydreamgame.tlog\link.write.1.tlog
