c:\users\k024g\onedrive\デスクトップ\授業\2年前期\cg2\cg2\cg2\mydreamgame\mydreamgame\x64\release\transformfunctions.obj
c:\users\k024g\onedrive\デスクトップ\授業\2年前期\cg2\cg2\cg2\mydreamgame\mydreamgame\x64\release\imgui_tables.obj
c:\users\k024g\onedrive\デスクトップ\授業\2年前期\cg2\cg2\cg2\mydreamgame\mydreamgame\x64\release\imgui.obj
c:\users\k024g\onedrive\デスクトップ\授業\2年前期\cg2\cg2\cg2\mydreamgame\mydreamgame\x64\release\imgui_impl_win32.obj
c:\users\k024g\onedrive\デスクトップ\授業\2年前期\cg2\cg2\cg2\mydreamgame\mydreamgame\x64\release\imgui_draw.obj
c:\users\k024g\onedrive\デスクトップ\授業\2年前期\cg2\cg2\cg2\mydreamgame\mydreamgame\x64\release\imgui_impl_dx12.obj
c:\users\k024g\onedrive\デスクトップ\授業\2年前期\cg2\cg2\cg2\mydreamgame\mydreamgame\x64\release\imgui_widgets.obj
c:\users\k024g\onedrive\デスクトップ\授業\2年前期\cg2\cg2\cg2\mydreamgame\mydreamgame\x64\release\main.obj
c:\users\k024g\onedrive\デスクトップ\授業\2年前期\cg2\cg2\cg2\mydreamgame\mydreamgame\x64\release\imgui_demo.obj
c:\users\k024g\onedrive\デスクトップ\授業\2年前期\cg2\cg2\cg2\mydreamgame\mydreamgame\x64\release\vc143.pdb
c:\users\k024g\onedrive\デスクトップ\授業\2年前期\cg2\cg2\cg2\mydreamgame\mydreamgame\x64\release\mygameapp.obj
c:\users\k024g\onedrive\デスクトップ\授業\2年前期\cg2\cg2\cg2\mydreamgame\mydreamgame\x64\release\utilityfunctions.obj
c:\users\k024g\onedrive\デスクトップ\授業\2年前期\cg2\cg2\cg2\mydreamgame\x64\release\mydreamgame.exe
c:\users\k024g\onedrive\デスクトップ\授業\2年前期\cg2\cg2\cg2\mydreamgame\x64\release\mydreamgame.pdb
c:\users\k024g\onedrive\デスクトップ\授業\2年前期\cg2\cg2\cg2\mydreamgame\mydreamgame\x64\release\mydreamgame.ipdb
c:\users\k024g\onedrive\デスクトップ\授業\2年前期\cg2\cg2\cg2\mydreamgame\mydreamgame\x64\release\mydreamgame.iobj
c:\users\k024g\onedrive\デスクトップ\授業\2年前期\cg2\cg2\cg2\mydreamgame\mydreamgame\x64\release\mydreamgame.tlog\cl.command.1.tlog
c:\users\k024g\onedrive\デスクトップ\授業\2年前期\cg2\cg2\cg2\mydreamgame\mydreamgame\x64\release\mydreamgame.tlog\cl.items.tlog
c:\users\k024g\onedrive\デスクトップ\授業\2年前期\cg2\cg2\cg2\mydreamgame\mydreamgame\x64\release\mydreamgame.tlog\cl.read.1.tlog
c:\users\k024g\onedrive\デスクトップ\授業\2年前期\cg2\cg2\cg2\mydreamgame\mydreamgame\x64\release\mydreamgame.tlog\cl.write.1.tlog
c:\users\k024g\onedrive\デスクトップ\授業\2年前期\cg2\cg2\cg2\mydreamgame\mydreamgame\x64\release\mydreamgame.tlog\link.command.1.tlog
c:\users\k024g\onedrive\デスクトップ\授業\2年前期\cg2\cg2\cg2\mydreamgame\mydreamgame\x64\release\mydreamgame.tlog\link.read.1.tlog
c:\users\k024g\onedrive\デスクトップ\授業\2年前期\cg2\cg2\cg2\mydreamgame\mydreamgame\x64\release\mydreamgame.tlog\link.secondary.1.tlog
c:\users\k024g\onedrive\デスクトップ\授業\2年前期\cg2\cg2\cg2\mydreamgame\mydreamgame\x64\release\mydreamgame.tlog\link.write.1.tlog
