  Model.cpp
  Sprite.cpp
  AudioManager.cpp
  GamepadInput.cpp
  KeyboardInput.cpp
  D3DResourceLeakChacker.cpp
  DebugCamera.cpp
  InputManager.cpp
  main.cpp
  MyGameApp.cpp
  Object3D.cpp
  ResourceObject.cpp
  TransformFunctions.cpp
  UtilityFunctions.cpp
  TextureManager.cpp
  コード生成しています。
  1491 of 4992 functions (29.9%) were compiled, the rest were copied from previous compilation.
    338 functions were new in current compilation
    525 functions had inline decision re-evaluated but remain unchanged
  コード生成が終了しました。
  MyDreamGame.vcxproj -> C:\Users\k024g\OneDrive\デスクトップ\授業\学年\2年後期\自作エンジン\CG2\CG2\MyDreamGame\x64\Release\MyDreamGame.exe
          1 file(s) copied.
          1 file(s) copied.
